2025-10-15 12:32:44.956 [main] DEBUG file.primer_boletin.controlador.PrimerBoletin_main - 11
2025-10-15 12:32:44.958 [main] DEBUG file.primer_boletin.controlador.PrimerBoletin_main - 2
2025-10-15 12:32:44.960 [main] INFO  file.primer_boletin.controlador.PrimerBoletin_main - ResultadoComparacion [nombre_fichero=.git, fecha_modificacion=1760517096471, valor_comparacion=FALTA_EN_2]
2025-10-15 12:32:44.962 [main] INFO  file.primer_boletin.controlador.PrimerBoletin_main - ResultadoComparacion [nombre_fichero=acc_datos, fecha_modificacion=1759772603515, valor_comparacion=FALTA_EN_2]
2025-10-15 12:32:44.962 [main] INFO  file.primer_boletin.controlador.PrimerBoletin_main - ResultadoComparacion [nombre_fichero=acc_datos_sql, fecha_modificacion=1758571159168, valor_comparacion=FALTA_EN_2]
2025-10-15 12:32:44.963 [main] INFO  file.primer_boletin.controlador.PrimerBoletin_main - ResultadoComparacion [nombre_fichero=des_inter, fecha_modificacion=1758821394640, valor_comparacion=FALTA_EN_2]
2025-10-15 12:32:44.964 [main] INFO  file.primer_boletin.controlador.PrimerBoletin_main - ResultadoComparacion [nombre_fichero=op, fecha_modificacion=1758821379181, valor_comparacion=FALTA_EN_2]
2025-10-15 12:32:44.965 [main] INFO  file.primer_boletin.controlador.PrimerBoletin_main - ResultadoComparacion [nombre_fichero=pmdm, fecha_modificacion=1759403701367, valor_comparacion=FALTA_EN_2]
2025-10-15 12:32:44.966 [main] INFO  file.primer_boletin.controlador.PrimerBoletin_main - ResultadoComparacion [nombre_fichero=prog_mult, fecha_modificacion=1759430788887, valor_comparacion=FALTA_EN_2]
2025-10-15 12:32:44.967 [main] INFO  file.primer_boletin.controlador.PrimerBoletin_main - ResultadoComparacion [nombre_fichero=psp, fecha_modificacion=1758571159268, valor_comparacion=FALTA_EN_2]
2025-10-15 12:32:44.968 [main] INFO  file.primer_boletin.controlador.PrimerBoletin_main - ResultadoComparacion [nombre_fichero=ruta1, fecha_modificacion=1760028436144, valor_comparacion=MENOS_NUEVO_EN_2]
2025-10-15 12:32:44.969 [main] INFO  file.primer_boletin.controlador.PrimerBoletin_main - ResultadoComparacion [nombre_fichero=ruta2, fecha_modificacion=1760028436176, valor_comparacion=FALTA_EN_2]
2025-10-15 12:32:44.970 [main] INFO  file.primer_boletin.controlador.PrimerBoletin_main - ResultadoComparacion [nombre_fichero=sist_gest_emp, fecha_modificacion=1760517096353, valor_comparacion=FALTA_EN_2]
2025-10-15 12:32:44.971 [main] INFO  file.primer_boletin.controlador.PrimerBoletin_main - ResultadoComparacion [nombre_fichero=Programación, fecha_modificacion=1749667460471, valor_comparacion=FALTA_EN_1]
2025-10-15 12:32:44.972 [main] INFO  file.primer_boletin.controlador.PrimerBoletin_main - ResultadoComparacion [nombre_fichero=ruta1, fecha_modificacion=1760524175384, valor_comparacion=MENOS_NUEVO_EN_2]
2025-10-15 12:33:58.694 [main] DEBUG file.primer_boletin.controlador.PrimerBoletin_main - 11
2025-10-15 12:33:58.696 [main] DEBUG file.primer_boletin.controlador.PrimerBoletin_main - 11
2025-10-15 12:33:58.697 [main] INFO  file.primer_boletin.controlador.PrimerBoletin_main - ResultadoComparacion [nombre_fichero=.git, fecha_modificacion=1760517096471, valor_comparacion=MENOS_NUEVO_EN_1]
2025-10-15 12:33:58.699 [main] INFO  file.primer_boletin.controlador.PrimerBoletin_main - ResultadoComparacion [nombre_fichero=acc_datos, fecha_modificacion=1759772603515, valor_comparacion=MENOS_NUEVO_EN_1]
2025-10-15 12:33:58.700 [main] INFO  file.primer_boletin.controlador.PrimerBoletin_main - ResultadoComparacion [nombre_fichero=acc_datos_sql, fecha_modificacion=1758571159168, valor_comparacion=MENOS_NUEVO_EN_1]
2025-10-15 12:33:58.700 [main] INFO  file.primer_boletin.controlador.PrimerBoletin_main - ResultadoComparacion [nombre_fichero=des_inter, fecha_modificacion=1758821394640, valor_comparacion=MENOS_NUEVO_EN_1]
2025-10-15 12:33:58.701 [main] INFO  file.primer_boletin.controlador.PrimerBoletin_main - ResultadoComparacion [nombre_fichero=op, fecha_modificacion=1758821379181, valor_comparacion=MENOS_NUEVO_EN_1]
2025-10-15 12:33:58.702 [main] INFO  file.primer_boletin.controlador.PrimerBoletin_main - ResultadoComparacion [nombre_fichero=pmdm, fecha_modificacion=1759403701367, valor_comparacion=MENOS_NUEVO_EN_1]
2025-10-15 12:33:58.703 [main] INFO  file.primer_boletin.controlador.PrimerBoletin_main - ResultadoComparacion [nombre_fichero=prog_mult, fecha_modificacion=1759430788887, valor_comparacion=MENOS_NUEVO_EN_1]
2025-10-15 12:33:58.704 [main] INFO  file.primer_boletin.controlador.PrimerBoletin_main - ResultadoComparacion [nombre_fichero=psp, fecha_modificacion=1758571159268, valor_comparacion=MENOS_NUEVO_EN_1]
2025-10-15 12:33:58.706 [main] INFO  file.primer_boletin.controlador.PrimerBoletin_main - ResultadoComparacion [nombre_fichero=ruta1, fecha_modificacion=1760028436144, valor_comparacion=MENOS_NUEVO_EN_1]
2025-10-15 12:33:58.706 [main] INFO  file.primer_boletin.controlador.PrimerBoletin_main - ResultadoComparacion [nombre_fichero=ruta2, fecha_modificacion=1760028436176, valor_comparacion=MENOS_NUEVO_EN_1]
2025-10-15 12:33:58.707 [main] INFO  file.primer_boletin.controlador.PrimerBoletin_main - ResultadoComparacion [nombre_fichero=sist_gest_emp, fecha_modificacion=1760517096353, valor_comparacion=MENOS_NUEVO_EN_1]
2025-10-15 12:36:22.604 [main] DEBUG file.primer_boletin.controlador.PrimerBoletin_main - 11
2025-10-15 12:36:22.607 [main] DEBUG file.primer_boletin.controlador.PrimerBoletin_main - 11
2025-10-15 12:36:22.609 [main] INFO  file.primer_boletin.controlador.PrimerBoletin_main - ResultadoComparacion [nombre_fichero=.git, fecha_modificacion=1760517096471, valor_comparacion=MENOS_NUEVO_EN_2]
2025-10-15 12:36:22.610 [main] INFO  file.primer_boletin.controlador.PrimerBoletin_main - ResultadoComparacion [nombre_fichero=acc_datos, fecha_modificacion=1759772603515, valor_comparacion=MENOS_NUEVO_EN_2]
2025-10-15 12:36:22.612 [main] INFO  file.primer_boletin.controlador.PrimerBoletin_main - ResultadoComparacion [nombre_fichero=acc_datos_sql, fecha_modificacion=1758571159168, valor_comparacion=MENOS_NUEVO_EN_2]
2025-10-15 12:36:22.613 [main] INFO  file.primer_boletin.controlador.PrimerBoletin_main - ResultadoComparacion [nombre_fichero=des_inter, fecha_modificacion=1758821394640, valor_comparacion=MENOS_NUEVO_EN_2]
2025-10-15 12:36:22.614 [main] INFO  file.primer_boletin.controlador.PrimerBoletin_main - ResultadoComparacion [nombre_fichero=op, fecha_modificacion=1758821379181, valor_comparacion=MENOS_NUEVO_EN_2]
2025-10-15 12:36:22.614 [main] INFO  file.primer_boletin.controlador.PrimerBoletin_main - ResultadoComparacion [nombre_fichero=pmdm, fecha_modificacion=1759403701367, valor_comparacion=MENOS_NUEVO_EN_2]
2025-10-15 12:36:22.615 [main] INFO  file.primer_boletin.controlador.PrimerBoletin_main - ResultadoComparacion [nombre_fichero=prog_mult, fecha_modificacion=1759430788887, valor_comparacion=MENOS_NUEVO_EN_2]
2025-10-15 12:36:22.616 [main] INFO  file.primer_boletin.controlador.PrimerBoletin_main - ResultadoComparacion [nombre_fichero=psp, fecha_modificacion=1758571159268, valor_comparacion=MENOS_NUEVO_EN_2]
2025-10-15 12:36:22.617 [main] INFO  file.primer_boletin.controlador.PrimerBoletin_main - ResultadoComparacion [nombre_fichero=ruta1, fecha_modificacion=1760028436144, valor_comparacion=MENOS_NUEVO_EN_2]
2025-10-15 12:36:22.618 [main] INFO  file.primer_boletin.controlador.PrimerBoletin_main - ResultadoComparacion [nombre_fichero=ruta2, fecha_modificacion=1760028436176, valor_comparacion=MENOS_NUEVO_EN_2]
2025-10-15 12:36:22.619 [main] INFO  file.primer_boletin.controlador.PrimerBoletin_main - ResultadoComparacion [nombre_fichero=sist_gest_emp, fecha_modificacion=1760517096353, valor_comparacion=MENOS_NUEVO_EN_2]
2025-10-15 12:37:44.328 [main] DEBUG file.primer_boletin.controlador.PrimerBoletin_main - 11
2025-10-15 12:37:44.331 [main] DEBUG file.primer_boletin.controlador.PrimerBoletin_main - 11
2025-10-15 12:37:44.334 [main] INFO  file.primer_boletin.controlador.PrimerBoletin_main - ResultadoComparacion [nombre_fichero=.git, fecha_modificacion=1760517096471, valor_comparacion=IGUALES]
2025-10-15 12:37:44.335 [main] INFO  file.primer_boletin.controlador.PrimerBoletin_main - ResultadoComparacion [nombre_fichero=acc_datos, fecha_modificacion=1759772603515, valor_comparacion=IGUALES]
2025-10-15 12:37:44.336 [main] INFO  file.primer_boletin.controlador.PrimerBoletin_main - ResultadoComparacion [nombre_fichero=acc_datos_sql, fecha_modificacion=1758571159168, valor_comparacion=IGUALES]
2025-10-15 12:37:44.337 [main] INFO  file.primer_boletin.controlador.PrimerBoletin_main - ResultadoComparacion [nombre_fichero=des_inter, fecha_modificacion=1758821394640, valor_comparacion=IGUALES]
2025-10-15 12:37:44.338 [main] INFO  file.primer_boletin.controlador.PrimerBoletin_main - ResultadoComparacion [nombre_fichero=op, fecha_modificacion=1758821379181, valor_comparacion=IGUALES]
2025-10-15 12:37:44.339 [main] INFO  file.primer_boletin.controlador.PrimerBoletin_main - ResultadoComparacion [nombre_fichero=pmdm, fecha_modificacion=1759403701367, valor_comparacion=IGUALES]
2025-10-15 12:37:44.340 [main] INFO  file.primer_boletin.controlador.PrimerBoletin_main - ResultadoComparacion [nombre_fichero=prog_mult, fecha_modificacion=1759430788887, valor_comparacion=IGUALES]
2025-10-15 12:37:44.341 [main] INFO  file.primer_boletin.controlador.PrimerBoletin_main - ResultadoComparacion [nombre_fichero=psp, fecha_modificacion=1758571159268, valor_comparacion=IGUALES]
2025-10-15 12:37:44.342 [main] INFO  file.primer_boletin.controlador.PrimerBoletin_main - ResultadoComparacion [nombre_fichero=ruta1, fecha_modificacion=1760028436144, valor_comparacion=IGUALES]
2025-10-15 12:37:44.343 [main] INFO  file.primer_boletin.controlador.PrimerBoletin_main - ResultadoComparacion [nombre_fichero=ruta2, fecha_modificacion=1760028436176, valor_comparacion=IGUALES]
2025-10-15 12:37:44.343 [main] INFO  file.primer_boletin.controlador.PrimerBoletin_main - ResultadoComparacion [nombre_fichero=sist_gest_emp, fecha_modificacion=1760517096353, valor_comparacion=IGUALES]
